2026-05-15 04:00:35,461 - INFO - ======================================================================
2026-05-15 04:00:35,463 - INFO - Initializing Stabilized ASL Converter
2026-05-15 04:00:35,465 - INFO - ======================================================================
2026-05-15 04:00:35,466 - INFO - Initializing StabilizedSignDetector...
2026-05-15 04:00:35,921 - WARNING - Compiled the loaded model, but the compiled metrics have yet to be built. `model.compile_metrics` will be empty until you train or evaluate the model.
2026-05-15 04:00:36,018 - INFO - StabilizedSignDetector ready
2026-05-15 04:00:36,019 - INFO - Initializing StabilizedSequenceProcessor...
2026-05-15 04:00:36,023 - INFO - Initializing GroqSentenceGenerator...
2026-05-15 04:00:36,692 - INFO - Starting stabilized inference...
2026-05-15 04:00:49,759 - ERROR - Error: cannot unpack non-iterable NoneType object
2026-05-15 04:01:24,652 - INFO - ======================================================================
2026-05-15 04:01:24,654 - INFO - Initializing Stabilized ASL Converter
2026-05-15 04:01:24,655 - INFO - ======================================================================
2026-05-15 04:01:24,656 - INFO - Initializing StabilizedSignDetector...
2026-05-15 04:01:25,107 - WARNING - Compiled the loaded model, but the compiled metrics have yet to be built. `model.compile_metrics` will be empty until you train or evaluate the model.
2026-05-15 04:01:25,183 - INFO - StabilizedSignDetector ready
2026-05-15 04:01:25,184 - INFO - Initializing StabilizedSequenceProcessor...
2026-05-15 04:01:25,186 - INFO - Initializing GroqSentenceGenerator...
2026-05-15 04:01:25,802 - INFO - Starting stabilized inference...
2026-05-15 04:01:35,410 - ERROR - Error: cannot unpack non-iterable NoneType object
